[lynxinbio.com/p8szb.html]
[backblue.gif]
[fade.gif]
[index.html]
[s3-us-west-2.amazonaws.com/static.collabor8app.com/lynxinbio/icons/apple-icon-57x57.png]
[s3-us-west-2.amazonaws.com/static.collabor8app.com/lynxinbio/icons/apple-icon-60x60.png]
[s3-us-west-2.amazonaws.com/static.collabor8app.com/lynxinbio/icons/apple-icon-72x72.png]
[s3-us-west-2.amazonaws.com/static.collabor8app.com/lynxinbio/icons/apple-icon-76x76.png]
[s3-us-west-2.amazonaws.com/static.collabor8app.com/lynxinbio/icons/apple-icon-114x114.png]
[s3-us-west-2.amazonaws.com/static.collabor8app.com/lynxinbio/icons/apple-icon-120x120.png]
[s3-us-west-2.amazonaws.com/static.collabor8app.com/lynxinbio/icons/apple-icon-144x144.png]
[s3-us-west-2.amazonaws.com/static.collabor8app.com/lynxinbio/icons/apple-icon-152x152.png]
[s3-us-west-2.amazonaws.com/static.collabor8app.com/lynxinbio/icons/apple-icon-180x180.png]
[s3-us-west-2.amazonaws.com/static.collabor8app.com/lynxinbio/icons/android-icon-192x192.png]
[s3-us-west-2.amazonaws.com/static.collabor8app.com/lynxinbio/icons/favicon-32x32.png]
[s3-us-west-2.amazonaws.com/static.collabor8app.com/lynxinbio/icons/favicon-96x96.png]
[s3-us-west-2.amazonaws.com/static.collabor8app.com/lynxinbio/icons/favicon-16x16.png]
[maxcdn.bootstrapcdn.com/font-awesome/4.7.0/css/font-awesome.min.css]
[assets.collabor8app.com/ig_logo.png]
[www.google-analytics.com/analytics.js]
[lynxinbio.com/p8szb.html]
[maxcdn.bootstrapcdn.com/font-awesome/4.7.0/css/font-awesome.min.css]
[lynxinbio.com/Trident/index.html]
